// Jest Snapshot v1, https://goo.gl/fbAQLP

exports[`Pruebas en el EntryView debe mostrar entrada correctamente 1`] = `
<div class="entry-title d-flex justify-content-between p-2">
  <div><span class="text-success fs-3 fw-bold">16</span><span class="mx-1 fs-3">Diciembre</span><span class="mx-2 fs-4 fw-light">2023, Sábado</span></div><input type="file" accept="image/jpeg, image/png" style="display: none;">
  <div><button class="btn btn-danger mx-2"> Borrar </button><button class="btn btn-primary"> Subir foto <i class="fa fa-upload"></i></button></div>
</div>
<hr>
<div class="d-flex flex-column px-3 h-75"><textarea placeholder="¿Qué sucedió hoy?"></textarea></div>
<fab-stub icon="fa-save"></fab-stub>
<!--v-if-->
<!--v-if-->
`;
